[17:15:02] [main/INFO] (Launcher) ModLauncher running: args [--launchTarget, neoforgeclientdev, --version, 21.4.124, --assetIndex, 1.21.4-19, --assetsDir, C:\Users\Operatore\.gradle\caches\fabric-loom\assets, --gameDir, ., --fml.fmlVersion, 6.0.11, --fml.mcVersion, 1.21.4, --fml.neoForgeVersion, 21.4.124, --fml.neoFormVersion, 20241203.161809]
[17:15:02] [main/INFO] (Launcher) JVM identified as JetBrains s.r.o. OpenJDK 64-Bit Server VM 21.0.8+9-b1097.42
[17:15:02] [main/INFO] (Launcher) ModLauncher 11.0.4+main.d2e20e43 starting: java version 21.0.8 by JetBrains s.r.o.; OS Windows 11 arch amd64 version 10.0
[17:15:03] [main/INFO] (ImmediateWindowHandler) Loading ImmediateWindowProvider fmlearlywindow
[17:15:03] [main/INFO] (EARLYDISPLAY) Trying GL version 4.6
[17:15:03] [main/INFO] (EARLYDISPLAY) Requested GL version 4.6 got version 4.6
[17:15:03] [main/INFO] (mixin) SpongePowered MIXIN Subsystem Version=0.8.7 Source=union:/C:/Users/Operatore/.gradle/caches/modules-2/files-2.1/net.fabricmc/sponge-mixin/0.15.2+mixin.0.8.7/2af2f021d8e02a0220dc27a7a72b4666d66d44ca/sponge-mixin-0.15.2+mixin.0.8.7.jar%23138!/ Service=ModLauncher Env=CLIENT
[17:15:03] [pool-9-thread-1/INFO] (EARLYDISPLAY) GL info: Intel(R) UHD Graphics 630 GL version 4.6.0 - Build 31.0.101.1999, Intel
[17:15:04] [main/INFO] (ModDiscoverer) Found mod file "neoforge-21.4.124-minecraft-merged-427e09e766-1.21.4-loom.mappings.1_21_4.layered+hash.814158091-v2-neoforge-21.4.124.jar" [locator: neoforge devenv provider ([C:\Users\Operatore\Documents\mc\animated\.gradle\loom-cache\minecraftMaven\net\minecraft\neoforge-21.4.124-minecraft-merged-427e09e766\1.21.4-loom.mappings.1_21_4.layered+hash.814158091-v2-neoforge-21.4.124\neoforge-21.4.124-minecraft-merged-427e09e766-1.21.4-loom.mappings.1_21_4.layered+hash.814158091-v2-neoforge-21.4.124.jar])]
[17:15:04] [main/INFO] (ModDiscoverer) Found mod file "neoforge-21.4.124-minecraft-merged-427e09e766-1.21.4-loom.mappings.1_21_4.layered+hash.814158091-v2-neoforge-21.4.124.jar" [locator: neoforge devenv provider ([C:\Users\Operatore\Documents\mc\animated\.gradle\loom-cache\minecraftMaven\net\minecraft\neoforge-21.4.124-minecraft-merged-427e09e766\1.21.4-loom.mappings.1_21_4.layered+hash.814158091-v2-neoforge-21.4.124\neoforge-21.4.124-minecraft-merged-427e09e766-1.21.4-loom.mappings.1_21_4.layered+hash.814158091-v2-neoforge-21.4.124.jar])]
[17:15:04] [main/INFO] (ModDiscoverer) Found mod file "main" [locator: userdev mods and services, reader: mod manifest]
[17:15:04] [main/INFO] (ModDiscoverer) Found mod file "neoforge-21.4.124-minecraft-merged-427e09e766-1.21.4-loom.mappings.1_21_4.layered+hash.814158091-v2-neoforge-21.4.124.jar" [locator: userdev mods and services, reader: mod manifest]
[17:15:04] [main/INFO] (ModDiscoverer) Found mod file "player-animation-lib-forge-2.0.3.1+1.21.4.jar" [locator: userdev mods and services, reader: mod manifest]
[17:15:04] [main/INFO] (ModDiscoverer) Found mod file "9624171050479105162.jar" [locator: userdev mods and services, reader: mod manifest]
[17:15:04] [main/INFO] (ModDiscoverer) Found mod file "16146400660810120917.jar" [locator: userdev mods and services, reader: mod manifest]
[17:15:04] [main/INFO] (ModDiscoverer) Found mod file "15275778357656065365.jar" [locator: userdev mods and services, reader: mod manifest]
[17:15:04] [main/INFO] (ModDiscoverer) Found mod file "16540503670206757430.jar" [locator: userdev mods and services, reader: mod manifest]
[17:15:04] [main/INFO] (ModDiscoverer) Found mod file "2291841062696984986.jar" [locator: userdev mods and services, reader: mod manifest]
[17:15:04] [main/INFO] (ModDiscoverer) Found gamelibrary file "mixinextras-neoforge-0.4.1.jar" [locator: userdev mods and services, reader: mod manifest]
[17:15:04] [main/WARN] (JarSelector) Attempted to select a dependency jar for JarJar which was passed in as source: library:mixinextras.neoforge. Using Mod File: C:\Users\Operatore\.gradle\caches\modules-2\files-2.1\io.github.llamalad7\mixinextras-neoforge\0.4.1\eff97772ecd0dcf8e52cdbafd3b3ccec425f8314\mixinextras-neoforge-0.4.1.jar
[17:15:04] [main/INFO] (JarInJarDependencyLocator) Found 1 dependencies adding them to mods collection
[17:15:04] [main/INFO] (ModDiscoverer) Found library file "net.neoforged.neoforge-coremods-21.4.124.jar" [parent: neoforge-21.4.124-minecraft-merged-427e09e766-1.21.4-loom.mappings.1_21_4.layered+hash.814158091-v2-neoforge-21.4.124.jar, locator: jarinjar, reader: mod manifest]
[17:15:04] [main/INFO] (ModDiscoverer) 
     Mod List:
		Name Version (Mod Id)

		Emotecraft 2.5.8-a.9d74dcf4 (emotecraft)
		generated_256134a 1 (generated_256134a)
		generated_59b9ecb 1 (generated_59b9ecb)
		generated_5cdafcd 1 (generated_5cdafcd)
		generated_d32e4b2 1 (generated_d32e4b2)
		generated_f5ecb85 1 (generated_f5ecb85)
		Minecraft 1.21.4 (minecraft)
		NeoForge 21.4.124 (neoforge)
		Player Animator 2.0.3.1+1.21.4 (playeranimator)
[17:15:07] [main/INFO] (mixin) Compatibility level set to JAVA_21
[17:15:07] [main/INFO] (LaunchServiceHandler) Launching target 'neoforgeclientdev' with arguments [--version, 21.4.124, --gameDir, ., --assetsDir, C:\Users\Operatore\.gradle\caches\fabric-loom\assets, --assetIndex, 1.21.4-19]
[17:15:07] [main/INFO] (unprotect) Found 8841 Minecraft classes
[17:15:09] [main/WARN] (mixin) Error loading class: traben/entity_model_features/models/animation/EMFAnimationEntityContext (java.lang.ClassNotFoundException: traben.entity_model_features.models.animation.EMFAnimationEntityContext)
[08set2025 17:15:11.810] [Datafixer Bootstrap/INFO] [com.mojang.datafixers.DataFixerBuilder/]: 246 Datafixer optimizations took 565 milliseconds
[08set2025 17:15:12.337] [pool-18-thread-1/INFO] [MixinExtras|Service/]: Initializing MixinExtras via com.llamalad7.mixinextras.service.MixinExtrasServiceImpl(version=0.4.1).
[08set2025 17:15:20.077] [main/WARN] [net.minecraft.commands.Commands/]: Ambiguity between arguments [teleport, location] and [teleport, destination] with inputs: [0.1 -0.5 .9, 0 0 0]
[08set2025 17:15:20.079] [main/WARN] [net.minecraft.commands.Commands/]: Ambiguity between arguments [teleport, location] and [teleport, targets] with inputs: [0.1 -0.5 .9, 0 0 0]
[08set2025 17:15:20.083] [main/WARN] [net.minecraft.commands.Commands/]: Ambiguity between arguments [teleport, destination] and [teleport, targets] with inputs: [Player, 0123, @e, dd12be42-52a9-4a91-a8a1-11c01849e498]
[08set2025 17:15:20.086] [main/WARN] [net.minecraft.commands.Commands/]: Ambiguity between arguments [teleport, targets] and [teleport, destination] with inputs: [Player, 0123, dd12be42-52a9-4a91-a8a1-11c01849e498]
[08set2025 17:15:20.089] [main/WARN] [net.minecraft.commands.Commands/]: Ambiguity between arguments [teleport, targets, location] and [teleport, targets, destination] with inputs: [0.1 -0.5 .9, 0 0 0]
[08set2025 17:15:20.560] [Render thread/WARN] [net.minecraft.server.packs.VanillaPackResourcesBuilder/]: Assets URL 'union:/C:/Users/Operatore/Documents/mc/animated/.gradle/loom-cache/minecraftMaven/net/minecraft/neoforge-21.4.124-minecraft-merged-427e09e766/1.21.4-loom.mappings.1_21_4.layered+hash.814158091-v2-neoforge-21.4.124/neoforge-21.4.124-minecraft-merged-427e09e766-1.21.4-loom.mappings.1_21_4.layered+hash.814158091-v2-neoforge-21.4.124.jar%23224!/assets/.mcassetsroot' uses unexpected schema
[08set2025 17:15:20.560] [Render thread/WARN] [net.minecraft.server.packs.VanillaPackResourcesBuilder/]: Assets URL 'union:/C:/Users/Operatore/Documents/mc/animated/.gradle/loom-cache/minecraftMaven/net/minecraft/neoforge-21.4.124-minecraft-merged-427e09e766/1.21.4-loom.mappings.1_21_4.layered+hash.814158091-v2-neoforge-21.4.124/neoforge-21.4.124-minecraft-merged-427e09e766-1.21.4-loom.mappings.1_21_4.layered+hash.814158091-v2-neoforge-21.4.124.jar%23224!/data/.mcassetsroot' uses unexpected schema
[08set2025 17:15:20.607] [Render thread/INFO] [com.mojang.authlib.yggdrasil.YggdrasilAuthenticationService/]: Environment: Environment[sessionHost=https://sessionserver.mojang.com, servicesHost=https://api.minecraftservices.com, name=PROD]
[08set2025 17:15:20.625] [Render thread/INFO] [net.minecraft.client.Minecraft/]: Setting user: Dev
[08set2025 17:15:20.789] [Render thread/INFO] [net.minecraft.client.Minecraft/]: Backend library: LWJGL version 3.3.3+5
[08set2025 17:15:21.183] [modloading-worker-0/INFO] [net.neoforged.neoforge.common.NeoForgeMod/NEOFORGE-MOD]: NeoForge mod loading, version 21.4.124, for MC 1.21.4
[08set2025 17:15:21.826] [modloading-worker-0/INFO] [Emotecraft/]: Loading config...
[08set2025 17:15:22.011] [modloading-worker-0/WARN] [Emotecraft/]: Failed to load built-in emote!
io.github.kosmx.emotes.server.serializer.type.EmoteSerializerException: Error has occurred while serializing an emote
	at TRANSFORMER/generated_59b9ecb@1/io.github.kosmx.emotes.server.serializer.UniversalEmoteSerializer.readData(UniversalEmoteSerializer.java:66) ~[16146400660810120917.jar%23230!/:?]
	at TRANSFORMER/generated_59b9ecb@1/io.github.kosmx.emotes.server.serializer.UniversalEmoteSerializer.serializeInternalJson(UniversalEmoteSerializer.java:134) ~[16146400660810120917.jar%23230!/:?]
	at TRANSFORMER/generated_59b9ecb@1/io.github.kosmx.emotes.server.serializer.UniversalEmoteSerializer.loadEmotes(UniversalEmoteSerializer.java:101) ~[16146400660810120917.jar%23230!/:?]
	at TRANSFORMER/generated_5cdafcd@1/io.github.kosmx.emotes.main.MainClientInit.loadEmotes(MainClientInit.java:28) ~[15275778357656065365.jar%23231!/:?]
	at TRANSFORMER/generated_5cdafcd@1/io.github.kosmx.emotes.main.MainClientInit.init(MainClientInit.java:22) ~[15275778357656065365.jar%23231!/:?]
	at TRANSFORMER/generated_5cdafcd@1/io.github.kosmx.emotes.main.MainLoader.main(MainLoader.java:31) ~[15275778357656065365.jar%23231!/:?]
	at TRANSFORMER/emotecraft@2.5.8-a.9d74dcf4/io.github.kosmx.emotes.neoforge.ForgeWrapper.<init>(ForgeWrapper.java:17) ~[%23226!/:?]
	at java.base/jdk.internal.reflect.DirectConstructorHandleAccessor.newInstance(DirectConstructorHandleAccessor.java:62) ~[?:?]
	at java.base/java.lang.reflect.Constructor.newInstanceWithCaller(Constructor.java:502) ~[?:?]
	at java.base/java.lang.reflect.Constructor.newInstance(Constructor.java:486) ~[?:?]
	at MC-BOOTSTRAP/fml_loader@6.0.11/net.neoforged.fml.javafmlmod.FMLModContainer.constructMod(FMLModContainer.java:115) ~[loader-6.0.11.jar%23124!/:6.0]
	at MC-BOOTSTRAP/fml_loader@6.0.11/net.neoforged.fml.ModLoader.lambda$constructMods$3(ModLoader.java:153) ~[loader-6.0.11.jar%23124!/:6.0]
	at MC-BOOTSTRAP/fml_loader@6.0.11/net.neoforged.fml.ModLoader.lambda$dispatchParallelTask$7(ModLoader.java:231) ~[loader-6.0.11.jar%23124!/:6.0]
	at java.base/java.util.concurrent.CompletableFuture.uniHandle(CompletableFuture.java:934) [?:?]
	at java.base/java.util.concurrent.CompletableFuture$UniHandle.tryFire(CompletableFuture.java:911) [?:?]
	at java.base/java.util.concurrent.CompletableFuture$Completion.exec(CompletableFuture.java:483) [?:?]
	at java.base/java.util.concurrent.ForkJoinTask.doExec(ForkJoinTask.java:507) [?:?]
	at java.base/java.util.concurrent.ForkJoinPool$WorkQueue.topLevelExec(ForkJoinPool.java:1491) [?:?]
	at java.base/java.util.concurrent.ForkJoinPool.scan(ForkJoinPool.java:2073) [?:?]
	at java.base/java.util.concurrent.ForkJoinPool.runWorker(ForkJoinPool.java:2035) [?:?]
	at java.base/java.util.concurrent.ForkJoinWorkerThread.run(ForkJoinWorkerThread.java:187) [?:?]
Caused by: java.lang.NullPointerException
	at java.base/java.io.Reader.<init>(Reader.java:168) ~[?:?]
	at java.base/java.io.InputStreamReader.<init>(InputStreamReader.java:123) ~[?:?]
	at TRANSFORMER/playeranimator@2.0.3.1+1.21.4/dev.kosmx.playerAnim.core.data.gson.AnimationSerializing.deserializeAnimation(AnimationSerializing.java:40) ~[player-animation-lib-forge-2.0.3.1+1.21.4.jar%23228!/:?]
	at TRANSFORMER/generated_59b9ecb@1/io.github.kosmx.emotes.server.serializer.type.JsonEmoteWrapper.read(JsonEmoteWrapper.java:19) ~[16146400660810120917.jar%23230!/:?]
	at TRANSFORMER/generated_59b9ecb@1/io.github.kosmx.emotes.server.serializer.UniversalEmoteSerializer.readData(UniversalEmoteSerializer.java:62) ~[16146400660810120917.jar%23230!/:?]
	... 20 more
[08set2025 17:15:22.015] [modloading-worker-0/WARN] [Emotecraft/]: Failed to load built-in emote!
io.github.kosmx.emotes.server.serializer.type.EmoteSerializerException: Error has occurred while serializing an emote
	at TRANSFORMER/generated_59b9ecb@1/io.github.kosmx.emotes.server.serializer.UniversalEmoteSerializer.readData(UniversalEmoteSerializer.java:66) ~[16146400660810120917.jar%23230!/:?]
	at TRANSFORMER/generated_59b9ecb@1/io.github.kosmx.emotes.server.serializer.UniversalEmoteSerializer.serializeInternalJson(UniversalEmoteSerializer.java:134) ~[16146400660810120917.jar%23230!/:?]
	at TRANSFORMER/generated_59b9ecb@1/io.github.kosmx.emotes.server.serializer.UniversalEmoteSerializer.loadEmotes(UniversalEmoteSerializer.java:102) ~[16146400660810120917.jar%23230!/:?]
	at TRANSFORMER/generated_5cdafcd@1/io.github.kosmx.emotes.main.MainClientInit.loadEmotes(MainClientInit.java:28) ~[15275778357656065365.jar%23231!/:?]
	at TRANSFORMER/generated_5cdafcd@1/io.github.kosmx.emotes.main.MainClientInit.init(MainClientInit.java:22) ~[15275778357656065365.jar%23231!/:?]
	at TRANSFORMER/generated_5cdafcd@1/io.github.kosmx.emotes.main.MainLoader.main(MainLoader.java:31) ~[15275778357656065365.jar%23231!/:?]
	at TRANSFORMER/emotecraft@2.5.8-a.9d74dcf4/io.github.kosmx.emotes.neoforge.ForgeWrapper.<init>(ForgeWrapper.java:17) ~[%23226!/:?]
	at java.base/jdk.internal.reflect.DirectConstructorHandleAccessor.newInstance(DirectConstructorHandleAccessor.java:62) ~[?:?]
	at java.base/java.lang.reflect.Constructor.newInstanceWithCaller(Constructor.java:502) ~[?:?]
	at java.base/java.lang.reflect.Constructor.newInstance(Constructor.java:486) ~[?:?]
	at MC-BOOTSTRAP/fml_loader@6.0.11/net.neoforged.fml.javafmlmod.FMLModContainer.constructMod(FMLModContainer.java:115) ~[loader-6.0.11.jar%23124!/:6.0]
	at MC-BOOTSTRAP/fml_loader@6.0.11/net.neoforged.fml.ModLoader.lambda$constructMods$3(ModLoader.java:153) ~[loader-6.0.11.jar%23124!/:6.0]
	at MC-BOOTSTRAP/fml_loader@6.0.11/net.neoforged.fml.ModLoader.lambda$dispatchParallelTask$7(ModLoader.java:231) ~[loader-6.0.11.jar%23124!/:6.0]
	at java.base/java.util.concurrent.CompletableFuture.uniHandle(CompletableFuture.java:934) [?:?]
	at java.base/java.util.concurrent.CompletableFuture$UniHandle.tryFire(CompletableFuture.java:911) [?:?]
	at java.base/java.util.concurrent.CompletableFuture$Completion.exec(CompletableFuture.java:483) [?:?]
	at java.base/java.util.concurrent.ForkJoinTask.doExec(ForkJoinTask.java:507) [?:?]
	at java.base/java.util.concurrent.ForkJoinPool$WorkQueue.topLevelExec(ForkJoinPool.java:1491) [?:?]
	at java.base/java.util.concurrent.ForkJoinPool.scan(ForkJoinPool.java:2073) [?:?]
	at java.base/java.util.concurrent.ForkJoinPool.runWorker(ForkJoinPool.java:2035) [?:?]
	at java.base/java.util.concurrent.ForkJoinWorkerThread.run(ForkJoinWorkerThread.java:187) [?:?]
Caused by: java.lang.NullPointerException
	at java.base/java.io.Reader.<init>(Reader.java:168) ~[?:?]
	at java.base/java.io.InputStreamReader.<init>(InputStreamReader.java:123) ~[?:?]
	at TRANSFORMER/playeranimator@2.0.3.1+1.21.4/dev.kosmx.playerAnim.core.data.gson.AnimationSerializing.deserializeAnimation(AnimationSerializing.java:40) ~[player-animation-lib-forge-2.0.3.1+1.21.4.jar%23228!/:?]
	at TRANSFORMER/generated_59b9ecb@1/io.github.kosmx.emotes.server.serializer.type.JsonEmoteWrapper.read(JsonEmoteWrapper.java:19) ~[16146400660810120917.jar%23230!/:?]
	at TRANSFORMER/generated_59b9ecb@1/io.github.kosmx.emotes.server.serializer.UniversalEmoteSerializer.readData(UniversalEmoteSerializer.java:62) ~[16146400660810120917.jar%23230!/:?]
	... 20 more
[08set2025 17:15:22.018] [modloading-worker-0/WARN] [Emotecraft/]: Failed to load built-in emote!
io.github.kosmx.emotes.server.serializer.type.EmoteSerializerException: Error has occurred while serializing an emote
	at TRANSFORMER/generated_59b9ecb@1/io.github.kosmx.emotes.server.serializer.UniversalEmoteSerializer.readData(UniversalEmoteSerializer.java:66) ~[16146400660810120917.jar%23230!/:?]
	at TRANSFORMER/generated_59b9ecb@1/io.github.kosmx.emotes.server.serializer.UniversalEmoteSerializer.serializeInternalJson(UniversalEmoteSerializer.java:134) ~[16146400660810120917.jar%23230!/:?]
	at TRANSFORMER/generated_59b9ecb@1/io.github.kosmx.emotes.server.serializer.UniversalEmoteSerializer.loadEmotes(UniversalEmoteSerializer.java:103) ~[16146400660810120917.jar%23230!/:?]
	at TRANSFORMER/generated_5cdafcd@1/io.github.kosmx.emotes.main.MainClientInit.loadEmotes(MainClientInit.java:28) ~[15275778357656065365.jar%23231!/:?]
	at TRANSFORMER/generated_5cdafcd@1/io.github.kosmx.emotes.main.MainClientInit.init(MainClientInit.java:22) ~[15275778357656065365.jar%23231!/:?]
	at TRANSFORMER/generated_5cdafcd@1/io.github.kosmx.emotes.main.MainLoader.main(MainLoader.java:31) ~[15275778357656065365.jar%23231!/:?]
	at TRANSFORMER/emotecraft@2.5.8-a.9d74dcf4/io.github.kosmx.emotes.neoforge.ForgeWrapper.<init>(ForgeWrapper.java:17) ~[%23226!/:?]
	at java.base/jdk.internal.reflect.DirectConstructorHandleAccessor.newInstance(DirectConstructorHandleAccessor.java:62) ~[?:?]
	at java.base/java.lang.reflect.Constructor.newInstanceWithCaller(Constructor.java:502) ~[?:?]
	at java.base/java.lang.reflect.Constructor.newInstance(Constructor.java:486) ~[?:?]
	at MC-BOOTSTRAP/fml_loader@6.0.11/net.neoforged.fml.javafmlmod.FMLModContainer.constructMod(FMLModContainer.java:115) ~[loader-6.0.11.jar%23124!/:6.0]
	at MC-BOOTSTRAP/fml_loader@6.0.11/net.neoforged.fml.ModLoader.lambda$constructMods$3(ModLoader.java:153) ~[loader-6.0.11.jar%23124!/:6.0]
	at MC-BOOTSTRAP/fml_loader@6.0.11/net.neoforged.fml.ModLoader.lambda$dispatchParallelTask$7(ModLoader.java:231) ~[loader-6.0.11.jar%23124!/:6.0]
	at java.base/java.util.concurrent.CompletableFuture.uniHandle(CompletableFuture.java:934) [?:?]
	at java.base/java.util.concurrent.CompletableFuture$UniHandle.tryFire(CompletableFuture.java:911) [?:?]
	at java.base/java.util.concurrent.CompletableFuture$Completion.exec(CompletableFuture.java:483) [?:?]
	at java.base/java.util.concurrent.ForkJoinTask.doExec(ForkJoinTask.java:507) [?:?]
	at java.base/java.util.concurrent.ForkJoinPool$WorkQueue.topLevelExec(ForkJoinPool.java:1491) [?:?]
	at java.base/java.util.concurrent.ForkJoinPool.scan(ForkJoinPool.java:2073) [?:?]
	at java.base/java.util.concurrent.ForkJoinPool.runWorker(ForkJoinPool.java:2035) [?:?]
	at java.base/java.util.concurrent.ForkJoinWorkerThread.run(ForkJoinWorkerThread.java:187) [?:?]
Caused by: java.lang.NullPointerException
	at java.base/java.io.Reader.<init>(Reader.java:168) ~[?:?]
	at java.base/java.io.InputStreamReader.<init>(InputStreamReader.java:123) ~[?:?]
	at TRANSFORMER/playeranimator@2.0.3.1+1.21.4/dev.kosmx.playerAnim.core.data.gson.AnimationSerializing.deserializeAnimation(AnimationSerializing.java:40) ~[player-animation-lib-forge-2.0.3.1+1.21.4.jar%23228!/:?]
	at TRANSFORMER/generated_59b9ecb@1/io.github.kosmx.emotes.server.serializer.type.JsonEmoteWrapper.read(JsonEmoteWrapper.java:19) ~[16146400660810120917.jar%23230!/:?]
	at TRANSFORMER/generated_59b9ecb@1/io.github.kosmx.emotes.server.serializer.UniversalEmoteSerializer.readData(UniversalEmoteSerializer.java:62) ~[16146400660810120917.jar%23230!/:?]
	... 20 more
[08set2025 17:15:22.021] [modloading-worker-0/WARN] [Emotecraft/]: Failed to load built-in emote!
io.github.kosmx.emotes.server.serializer.type.EmoteSerializerException: Error has occurred while serializing an emote
	at TRANSFORMER/generated_59b9ecb@1/io.github.kosmx.emotes.server.serializer.UniversalEmoteSerializer.readData(UniversalEmoteSerializer.java:66) ~[16146400660810120917.jar%23230!/:?]
	at TRANSFORMER/generated_59b9ecb@1/io.github.kosmx.emotes.server.serializer.UniversalEmoteSerializer.serializeInternalJson(UniversalEmoteSerializer.java:134) ~[16146400660810120917.jar%23230!/:?]
	at TRANSFORMER/generated_59b9ecb@1/io.github.kosmx.emotes.server.serializer.UniversalEmoteSerializer.loadEmotes(UniversalEmoteSerializer.java:104) ~[16146400660810120917.jar%23230!/:?]
	at TRANSFORMER/generated_5cdafcd@1/io.github.kosmx.emotes.main.MainClientInit.loadEmotes(MainClientInit.java:28) ~[15275778357656065365.jar%23231!/:?]
	at TRANSFORMER/generated_5cdafcd@1/io.github.kosmx.emotes.main.MainClientInit.init(MainClientInit.java:22) ~[15275778357656065365.jar%23231!/:?]
	at TRANSFORMER/generated_5cdafcd@1/io.github.kosmx.emotes.main.MainLoader.main(MainLoader.java:31) ~[15275778357656065365.jar%23231!/:?]
	at TRANSFORMER/emotecraft@2.5.8-a.9d74dcf4/io.github.kosmx.emotes.neoforge.ForgeWrapper.<init>(ForgeWrapper.java:17) ~[%23226!/:?]
	at java.base/jdk.internal.reflect.DirectConstructorHandleAccessor.newInstance(DirectConstructorHandleAccessor.java:62) ~[?:?]
	at java.base/java.lang.reflect.Constructor.newInstanceWithCaller(Constructor.java:502) ~[?:?]
	at java.base/java.lang.reflect.Constructor.newInstance(Constructor.java:486) ~[?:?]
	at MC-BOOTSTRAP/fml_loader@6.0.11/net.neoforged.fml.javafmlmod.FMLModContainer.constructMod(FMLModContainer.java:115) ~[loader-6.0.11.jar%23124!/:6.0]
	at MC-BOOTSTRAP/fml_loader@6.0.11/net.neoforged.fml.ModLoader.lambda$constructMods$3(ModLoader.java:153) ~[loader-6.0.11.jar%23124!/:6.0]
	at MC-BOOTSTRAP/fml_loader@6.0.11/net.neoforged.fml.ModLoader.lambda$dispatchParallelTask$7(ModLoader.java:231) ~[loader-6.0.11.jar%23124!/:6.0]
	at java.base/java.util.concurrent.CompletableFuture.uniHandle(CompletableFuture.java:934) [?:?]
	at java.base/java.util.concurrent.CompletableFuture$UniHandle.tryFire(CompletableFuture.java:911) [?:?]
	at java.base/java.util.concurrent.CompletableFuture$Completion.exec(CompletableFuture.java:483) [?:?]
	at java.base/java.util.concurrent.ForkJoinTask.doExec(ForkJoinTask.java:507) [?:?]
	at java.base/java.util.concurrent.ForkJoinPool$WorkQueue.topLevelExec(ForkJoinPool.java:1491) [?:?]
	at java.base/java.util.concurrent.ForkJoinPool.scan(ForkJoinPool.java:2073) [?:?]
	at java.base/java.util.concurrent.ForkJoinPool.runWorker(ForkJoinPool.java:2035) [?:?]
	at java.base/java.util.concurrent.ForkJoinWorkerThread.run(ForkJoinWorkerThread.java:187) [?:?]
Caused by: java.lang.NullPointerException
	at java.base/java.io.Reader.<init>(Reader.java:168) ~[?:?]
	at java.base/java.io.InputStreamReader.<init>(InputStreamReader.java:123) ~[?:?]
	at TRANSFORMER/playeranimator@2.0.3.1+1.21.4/dev.kosmx.playerAnim.core.data.gson.AnimationSerializing.deserializeAnimation(AnimationSerializing.java:40) ~[player-animation-lib-forge-2.0.3.1+1.21.4.jar%23228!/:?]
	at TRANSFORMER/generated_59b9ecb@1/io.github.kosmx.emotes.server.serializer.type.JsonEmoteWrapper.read(JsonEmoteWrapper.java:19) ~[16146400660810120917.jar%23230!/:?]
	at TRANSFORMER/generated_59b9ecb@1/io.github.kosmx.emotes.server.serializer.UniversalEmoteSerializer.readData(UniversalEmoteSerializer.java:62) ~[16146400660810120917.jar%23230!/:?]
	... 20 more
[08set2025 17:15:22.024] [modloading-worker-0/WARN] [Emotecraft/]: Failed to load built-in emote!
io.github.kosmx.emotes.server.serializer.type.EmoteSerializerException: Error has occurred while serializing an emote
	at TRANSFORMER/generated_59b9ecb@1/io.github.kosmx.emotes.server.serializer.UniversalEmoteSerializer.readData(UniversalEmoteSerializer.java:66) ~[16146400660810120917.jar%23230!/:?]
	at TRANSFORMER/generated_59b9ecb@1/io.github.kosmx.emotes.server.serializer.UniversalEmoteSerializer.serializeInternalJson(UniversalEmoteSerializer.java:134) ~[16146400660810120917.jar%23230!/:?]
	at TRANSFORMER/generated_59b9ecb@1/io.github.kosmx.emotes.server.serializer.UniversalEmoteSerializer.loadEmotes(UniversalEmoteSerializer.java:105) ~[16146400660810120917.jar%23230!/:?]
	at TRANSFORMER/generated_5cdafcd@1/io.github.kosmx.emotes.main.MainClientInit.loadEmotes(MainClientInit.java:28) ~[15275778357656065365.jar%23231!/:?]
	at TRANSFORMER/generated_5cdafcd@1/io.github.kosmx.emotes.main.MainClientInit.init(MainClientInit.java:22) ~[15275778357656065365.jar%23231!/:?]
	at TRANSFORMER/generated_5cdafcd@1/io.github.kosmx.emotes.main.MainLoader.main(MainLoader.java:31) ~[15275778357656065365.jar%23231!/:?]
	at TRANSFORMER/emotecraft@2.5.8-a.9d74dcf4/io.github.kosmx.emotes.neoforge.ForgeWrapper.<init>(ForgeWrapper.java:17) ~[%23226!/:?]
	at java.base/jdk.internal.reflect.DirectConstructorHandleAccessor.newInstance(DirectConstructorHandleAccessor.java:62) ~[?:?]
	at java.base/java.lang.reflect.Constructor.newInstanceWithCaller(Constructor.java:502) ~[?:?]
	at java.base/java.lang.reflect.Constructor.newInstance(Constructor.java:486) ~[?:?]
	at MC-BOOTSTRAP/fml_loader@6.0.11/net.neoforged.fml.javafmlmod.FMLModContainer.constructMod(FMLModContainer.java:115) ~[loader-6.0.11.jar%23124!/:6.0]
	at MC-BOOTSTRAP/fml_loader@6.0.11/net.neoforged.fml.ModLoader.lambda$constructMods$3(ModLoader.java:153) ~[loader-6.0.11.jar%23124!/:6.0]
	at MC-BOOTSTRAP/fml_loader@6.0.11/net.neoforged.fml.ModLoader.lambda$dispatchParallelTask$7(ModLoader.java:231) ~[loader-6.0.11.jar%23124!/:6.0]
	at java.base/java.util.concurrent.CompletableFuture.uniHandle(CompletableFuture.java:934) [?:?]
	at java.base/java.util.concurrent.CompletableFuture$UniHandle.tryFire(CompletableFuture.java:911) [?:?]
	at java.base/java.util.concurrent.CompletableFuture$Completion.exec(CompletableFuture.java:483) [?:?]
	at java.base/java.util.concurrent.ForkJoinTask.doExec(ForkJoinTask.java:507) [?:?]
	at java.base/java.util.concurrent.ForkJoinPool$WorkQueue.topLevelExec(ForkJoinPool.java:1491) [?:?]
	at java.base/java.util.concurrent.ForkJoinPool.scan(ForkJoinPool.java:2073) [?:?]
	at java.base/java.util.concurrent.ForkJoinPool.runWorker(ForkJoinPool.java:2035) [?:?]
	at java.base/java.util.concurrent.ForkJoinWorkerThread.run(ForkJoinWorkerThread.java:187) [?:?]
Caused by: java.lang.NullPointerException
	at java.base/java.io.Reader.<init>(Reader.java:168) ~[?:?]
	at java.base/java.io.InputStreamReader.<init>(InputStreamReader.java:123) ~[?:?]
	at TRANSFORMER/playeranimator@2.0.3.1+1.21.4/dev.kosmx.playerAnim.core.data.gson.AnimationSerializing.deserializeAnimation(AnimationSerializing.java:40) ~[player-animation-lib-forge-2.0.3.1+1.21.4.jar%23228!/:?]
	at TRANSFORMER/generated_59b9ecb@1/io.github.kosmx.emotes.server.serializer.type.JsonEmoteWrapper.read(JsonEmoteWrapper.java:19) ~[16146400660810120917.jar%23230!/:?]
	at TRANSFORMER/generated_59b9ecb@1/io.github.kosmx.emotes.server.serializer.UniversalEmoteSerializer.readData(UniversalEmoteSerializer.java:62) ~[16146400660810120917.jar%23230!/:?]
	... 20 more
[08set2025 17:15:22.026] [modloading-worker-0/WARN] [Emotecraft/]: Failed to load built-in emote!
io.github.kosmx.emotes.server.serializer.type.EmoteSerializerException: Error has occurred while serializing an emote
	at TRANSFORMER/generated_59b9ecb@1/io.github.kosmx.emotes.server.serializer.UniversalEmoteSerializer.readData(UniversalEmoteSerializer.java:66) ~[16146400660810120917.jar%23230!/:?]
	at TRANSFORMER/generated_59b9ecb@1/io.github.kosmx.emotes.server.serializer.UniversalEmoteSerializer.serializeInternalJson(UniversalEmoteSerializer.java:134) ~[16146400660810120917.jar%23230!/:?]
	at TRANSFORMER/generated_59b9ecb@1/io.github.kosmx.emotes.server.serializer.UniversalEmoteSerializer.loadEmotes(UniversalEmoteSerializer.java:106) ~[16146400660810120917.jar%23230!/:?]
	at TRANSFORMER/generated_5cdafcd@1/io.github.kosmx.emotes.main.MainClientInit.loadEmotes(MainClientInit.java:28) ~[15275778357656065365.jar%23231!/:?]
	at TRANSFORMER/generated_5cdafcd@1/io.github.kosmx.emotes.main.MainClientInit.init(MainClientInit.java:22) ~[15275778357656065365.jar%23231!/:?]
	at TRANSFORMER/generated_5cdafcd@1/io.github.kosmx.emotes.main.MainLoader.main(MainLoader.java:31) ~[15275778357656065365.jar%23231!/:?]
	at TRANSFORMER/emotecraft@2.5.8-a.9d74dcf4/io.github.kosmx.emotes.neoforge.ForgeWrapper.<init>(ForgeWrapper.java:17) ~[%23226!/:?]
	at java.base/jdk.internal.reflect.DirectConstructorHandleAccessor.newInstance(DirectConstructorHandleAccessor.java:62) ~[?:?]
	at java.base/java.lang.reflect.Constructor.newInstanceWithCaller(Constructor.java:502) ~[?:?]
	at java.base/java.lang.reflect.Constructor.newInstance(Constructor.java:486) ~[?:?]
	at MC-BOOTSTRAP/fml_loader@6.0.11/net.neoforged.fml.javafmlmod.FMLModContainer.constructMod(FMLModContainer.java:115) ~[loader-6.0.11.jar%23124!/:6.0]
	at MC-BOOTSTRAP/fml_loader@6.0.11/net.neoforged.fml.ModLoader.lambda$constructMods$3(ModLoader.java:153) ~[loader-6.0.11.jar%23124!/:6.0]
	at MC-BOOTSTRAP/fml_loader@6.0.11/net.neoforged.fml.ModLoader.lambda$dispatchParallelTask$7(ModLoader.java:231) ~[loader-6.0.11.jar%23124!/:6.0]
	at java.base/java.util.concurrent.CompletableFuture.uniHandle(CompletableFuture.java:934) [?:?]
	at java.base/java.util.concurrent.CompletableFuture$UniHandle.tryFire(CompletableFuture.java:911) [?:?]
	at java.base/java.util.concurrent.CompletableFuture$Completion.exec(CompletableFuture.java:483) [?:?]
	at java.base/java.util.concurrent.ForkJoinTask.doExec(ForkJoinTask.java:507) [?:?]
	at java.base/java.util.concurrent.ForkJoinPool$WorkQueue.topLevelExec(ForkJoinPool.java:1491) [?:?]
	at java.base/java.util.concurrent.ForkJoinPool.scan(ForkJoinPool.java:2073) [?:?]
	at java.base/java.util.concurrent.ForkJoinPool.runWorker(ForkJoinPool.java:2035) [?:?]
	at java.base/java.util.concurrent.ForkJoinWorkerThread.run(ForkJoinWorkerThread.java:187) [?:?]
Caused by: java.lang.NullPointerException
	at java.base/java.io.Reader.<init>(Reader.java:168) ~[?:?]
	at java.base/java.io.InputStreamReader.<init>(InputStreamReader.java:123) ~[?:?]
	at TRANSFORMER/playeranimator@2.0.3.1+1.21.4/dev.kosmx.playerAnim.core.data.gson.AnimationSerializing.deserializeAnimation(AnimationSerializing.java:40) ~[player-animation-lib-forge-2.0.3.1+1.21.4.jar%23228!/:?]
	at TRANSFORMER/generated_59b9ecb@1/io.github.kosmx.emotes.server.serializer.type.JsonEmoteWrapper.read(JsonEmoteWrapper.java:19) ~[16146400660810120917.jar%23230!/:?]
	at TRANSFORMER/generated_59b9ecb@1/io.github.kosmx.emotes.server.serializer.UniversalEmoteSerializer.readData(UniversalEmoteSerializer.java:62) ~[16146400660810120917.jar%23230!/:?]
	... 20 more
[08set2025 17:15:22.031] [modloading-worker-0/WARN] [Emotecraft/]: Failed to load built-in emote!
io.github.kosmx.emotes.server.serializer.type.EmoteSerializerException: Error has occurred while serializing an emote
	at TRANSFORMER/generated_59b9ecb@1/io.github.kosmx.emotes.server.serializer.UniversalEmoteSerializer.readData(UniversalEmoteSerializer.java:66) ~[16146400660810120917.jar%23230!/:?]
	at TRANSFORMER/generated_59b9ecb@1/io.github.kosmx.emotes.server.serializer.UniversalEmoteSerializer.serializeInternalJson(UniversalEmoteSerializer.java:134) ~[16146400660810120917.jar%23230!/:?]
	at TRANSFORMER/generated_59b9ecb@1/io.github.kosmx.emotes.server.serializer.UniversalEmoteSerializer.loadEmotes(UniversalEmoteSerializer.java:107) ~[16146400660810120917.jar%23230!/:?]
	at TRANSFORMER/generated_5cdafcd@1/io.github.kosmx.emotes.main.MainClientInit.loadEmotes(MainClientInit.java:28) ~[15275778357656065365.jar%23231!/:?]
	at TRANSFORMER/generated_5cdafcd@1/io.github.kosmx.emotes.main.MainClientInit.init(MainClientInit.java:22) ~[15275778357656065365.jar%23231!/:?]
	at TRANSFORMER/generated_5cdafcd@1/io.github.kosmx.emotes.main.MainLoader.main(MainLoader.java:31) ~[15275778357656065365.jar%23231!/:?]
	at TRANSFORMER/emotecraft@2.5.8-a.9d74dcf4/io.github.kosmx.emotes.neoforge.ForgeWrapper.<init>(ForgeWrapper.java:17) ~[%23226!/:?]
	at java.base/jdk.internal.reflect.DirectConstructorHandleAccessor.newInstance(DirectConstructorHandleAccessor.java:62) ~[?:?]
	at java.base/java.lang.reflect.Constructor.newInstanceWithCaller(Constructor.java:502) ~[?:?]
	at java.base/java.lang.reflect.Constructor.newInstance(Constructor.java:486) ~[?:?]
	at MC-BOOTSTRAP/fml_loader@6.0.11/net.neoforged.fml.javafmlmod.FMLModContainer.constructMod(FMLModContainer.java:115) ~[loader-6.0.11.jar%23124!/:6.0]
	at MC-BOOTSTRAP/fml_loader@6.0.11/net.neoforged.fml.ModLoader.lambda$constructMods$3(ModLoader.java:153) ~[loader-6.0.11.jar%23124!/:6.0]
	at MC-BOOTSTRAP/fml_loader@6.0.11/net.neoforged.fml.ModLoader.lambda$dispatchParallelTask$7(ModLoader.java:231) ~[loader-6.0.11.jar%23124!/:6.0]
	at java.base/java.util.concurrent.CompletableFuture.uniHandle(CompletableFuture.java:934) [?:?]
	at java.base/java.util.concurrent.CompletableFuture$UniHandle.tryFire(CompletableFuture.java:911) [?:?]
	at java.base/java.util.concurrent.CompletableFuture$Completion.exec(CompletableFuture.java:483) [?:?]
	at java.base/java.util.concurrent.ForkJoinTask.doExec(ForkJoinTask.java:507) [?:?]
	at java.base/java.util.concurrent.ForkJoinPool$WorkQueue.topLevelExec(ForkJoinPool.java:1491) [?:?]
	at java.base/java.util.concurrent.ForkJoinPool.scan(ForkJoinPool.java:2073) [?:?]
	at java.base/java.util.concurrent.ForkJoinPool.runWorker(ForkJoinPool.java:2035) [?:?]
	at java.base/java.util.concurrent.ForkJoinWorkerThread.run(ForkJoinWorkerThread.java:187) [?:?]
Caused by: java.lang.NullPointerException
	at java.base/java.io.Reader.<init>(Reader.java:168) ~[?:?]
	at java.base/java.io.InputStreamReader.<init>(InputStreamReader.java:123) ~[?:?]
	at TRANSFORMER/playeranimator@2.0.3.1+1.21.4/dev.kosmx.playerAnim.core.data.gson.AnimationSerializing.deserializeAnimation(AnimationSerializing.java:40) ~[player-animation-lib-forge-2.0.3.1+1.21.4.jar%23228!/:?]
	at TRANSFORMER/generated_59b9ecb@1/io.github.kosmx.emotes.server.serializer.type.JsonEmoteWrapper.read(JsonEmoteWrapper.java:19) ~[16146400660810120917.jar%23230!/:?]
	at TRANSFORMER/generated_59b9ecb@1/io.github.kosmx.emotes.server.serializer.UniversalEmoteSerializer.readData(UniversalEmoteSerializer.java:62) ~[16146400660810120917.jar%23230!/:?]
	... 20 more
[08set2025 17:15:22.033] [modloading-worker-0/WARN] [Emotecraft/]: Failed to load built-in emote!
io.github.kosmx.emotes.server.serializer.type.EmoteSerializerException: Error has occurred while serializing an emote
	at TRANSFORMER/generated_59b9ecb@1/io.github.kosmx.emotes.server.serializer.UniversalEmoteSerializer.readData(UniversalEmoteSerializer.java:66) ~[16146400660810120917.jar%23230!/:?]
	at TRANSFORMER/generated_59b9ecb@1/io.github.kosmx.emotes.server.serializer.UniversalEmoteSerializer.serializeInternalJson(UniversalEmoteSerializer.java:134) ~[16146400660810120917.jar%23230!/:?]
	at TRANSFORMER/generated_59b9ecb@1/io.github.kosmx.emotes.server.serializer.UniversalEmoteSerializer.loadEmotes(UniversalEmoteSerializer.java:108) ~[16146400660810120917.jar%23230!/:?]
	at TRANSFORMER/generated_5cdafcd@1/io.github.kosmx.emotes.main.MainClientInit.loadEmotes(MainClientInit.java:28) ~[15275778357656065365.jar%23231!/:?]
	at TRANSFORMER/generated_5cdafcd@1/io.github.kosmx.emotes.main.MainClientInit.init(MainClientInit.java:22) ~[15275778357656065365.jar%23231!/:?]
	at TRANSFORMER/generated_5cdafcd@1/io.github.kosmx.emotes.main.MainLoader.main(MainLoader.java:31) ~[15275778357656065365.jar%23231!/:?]
	at TRANSFORMER/emotecraft@2.5.8-a.9d74dcf4/io.github.kosmx.emotes.neoforge.ForgeWrapper.<init>(ForgeWrapper.java:17) ~[%23226!/:?]
	at java.base/jdk.internal.reflect.DirectConstructorHandleAccessor.newInstance(DirectConstructorHandleAccessor.java:62) ~[?:?]
	at java.base/java.lang.reflect.Constructor.newInstanceWithCaller(Constructor.java:502) ~[?:?]
	at java.base/java.lang.reflect.Constructor.newInstance(Constructor.java:486) ~[?:?]
	at MC-BOOTSTRAP/fml_loader@6.0.11/net.neoforged.fml.javafmlmod.FMLModContainer.constructMod(FMLModContainer.java:115) ~[loader-6.0.11.jar%23124!/:6.0]
	at MC-BOOTSTRAP/fml_loader@6.0.11/net.neoforged.fml.ModLoader.lambda$constructMods$3(ModLoader.java:153) ~[loader-6.0.11.jar%23124!/:6.0]
	at MC-BOOTSTRAP/fml_loader@6.0.11/net.neoforged.fml.ModLoader.lambda$dispatchParallelTask$7(ModLoader.java:231) ~[loader-6.0.11.jar%23124!/:6.0]
	at java.base/java.util.concurrent.CompletableFuture.uniHandle(CompletableFuture.java:934) [?:?]
	at java.base/java.util.concurrent.CompletableFuture$UniHandle.tryFire(CompletableFuture.java:911) [?:?]
	at java.base/java.util.concurrent.CompletableFuture$Completion.exec(CompletableFuture.java:483) [?:?]
	at java.base/java.util.concurrent.ForkJoinTask.doExec(ForkJoinTask.java:507) [?:?]
	at java.base/java.util.concurrent.ForkJoinPool$WorkQueue.topLevelExec(ForkJoinPool.java:1491) [?:?]
	at java.base/java.util.concurrent.ForkJoinPool.scan(ForkJoinPool.java:2073) [?:?]
	at java.base/java.util.concurrent.ForkJoinPool.runWorker(ForkJoinPool.java:2035) [?:?]
	at java.base/java.util.concurrent.ForkJoinWorkerThread.run(ForkJoinWorkerThread.java:187) [?:?]
Caused by: java.lang.NullPointerException
	at java.base/java.io.Reader.<init>(Reader.java:168) ~[?:?]
	at java.base/java.io.InputStreamReader.<init>(InputStreamReader.java:123) ~[?:?]
	at TRANSFORMER/playeranimator@2.0.3.1+1.21.4/dev.kosmx.playerAnim.core.data.gson.AnimationSerializing.deserializeAnimation(AnimationSerializing.java:40) ~[player-animation-lib-forge-2.0.3.1+1.21.4.jar%23228!/:?]
	at TRANSFORMER/generated_59b9ecb@1/io.github.kosmx.emotes.server.serializer.type.JsonEmoteWrapper.read(JsonEmoteWrapper.java:19) ~[16146400660810120917.jar%23230!/:?]
	at TRANSFORMER/generated_59b9ecb@1/io.github.kosmx.emotes.server.serializer.UniversalEmoteSerializer.readData(UniversalEmoteSerializer.java:62) ~[16146400660810120917.jar%23230!/:?]
	... 20 more
[08set2025 17:15:22.034] [modloading-worker-0/WARN] [Emotecraft/]: Failed to load built-in emote!
io.github.kosmx.emotes.server.serializer.type.EmoteSerializerException: Error has occurred while serializing an emote
	at TRANSFORMER/generated_59b9ecb@1/io.github.kosmx.emotes.server.serializer.UniversalEmoteSerializer.readData(UniversalEmoteSerializer.java:66) ~[16146400660810120917.jar%23230!/:?]
	at TRANSFORMER/generated_59b9ecb@1/io.github.kosmx.emotes.server.serializer.UniversalEmoteSerializer.serializeInternalJson(UniversalEmoteSerializer.java:134) ~[16146400660810120917.jar%23230!/:?]
	at TRANSFORMER/generated_59b9ecb@1/io.github.kosmx.emotes.server.serializer.UniversalEmoteSerializer.loadEmotes(UniversalEmoteSerializer.java:109) ~[16146400660810120917.jar%23230!/:?]
	at TRANSFORMER/generated_5cdafcd@1/io.github.kosmx.emotes.main.MainClientInit.loadEmotes(MainClientInit.java:28) ~[15275778357656065365.jar%23231!/:?]
	at TRANSFORMER/generated_5cdafcd@1/io.github.kosmx.emotes.main.MainClientInit.init(MainClientInit.java:22) ~[15275778357656065365.jar%23231!/:?]
	at TRANSFORMER/generated_5cdafcd@1/io.github.kosmx.emotes.main.MainLoader.main(MainLoader.java:31) ~[15275778357656065365.jar%23231!/:?]
	at TRANSFORMER/emotecraft@2.5.8-a.9d74dcf4/io.github.kosmx.emotes.neoforge.ForgeWrapper.<init>(ForgeWrapper.java:17) ~[%23226!/:?]
	at java.base/jdk.internal.reflect.DirectConstructorHandleAccessor.newInstance(DirectConstructorHandleAccessor.java:62) ~[?:?]
	at java.base/java.lang.reflect.Constructor.newInstanceWithCaller(Constructor.java:502) ~[?:?]
	at java.base/java.lang.reflect.Constructor.newInstance(Constructor.java:486) ~[?:?]
	at MC-BOOTSTRAP/fml_loader@6.0.11/net.neoforged.fml.javafmlmod.FMLModContainer.constructMod(FMLModContainer.java:115) ~[loader-6.0.11.jar%23124!/:6.0]
	at MC-BOOTSTRAP/fml_loader@6.0.11/net.neoforged.fml.ModLoader.lambda$constructMods$3(ModLoader.java:153) ~[loader-6.0.11.jar%23124!/:6.0]
	at MC-BOOTSTRAP/fml_loader@6.0.11/net.neoforged.fml.ModLoader.lambda$dispatchParallelTask$7(ModLoader.java:231) ~[loader-6.0.11.jar%23124!/:6.0]
	at java.base/java.util.concurrent.CompletableFuture.uniHandle(CompletableFuture.java:934) [?:?]
	at java.base/java.util.concurrent.CompletableFuture$UniHandle.tryFire(CompletableFuture.java:911) [?:?]
	at java.base/java.util.concurrent.CompletableFuture$Completion.exec(CompletableFuture.java:483) [?:?]
	at java.base/java.util.concurrent.ForkJoinTask.doExec(ForkJoinTask.java:507) [?:?]
	at java.base/java.util.concurrent.ForkJoinPool$WorkQueue.topLevelExec(ForkJoinPool.java:1491) [?:?]
	at java.base/java.util.concurrent.ForkJoinPool.scan(ForkJoinPool.java:2073) [?:?]
	at java.base/java.util.concurrent.ForkJoinPool.runWorker(ForkJoinPool.java:2035) [?:?]
	at java.base/java.util.concurrent.ForkJoinWorkerThread.run(ForkJoinWorkerThread.java:187) [?:?]
Caused by: java.lang.NullPointerException
	at java.base/java.io.Reader.<init>(Reader.java:168) ~[?:?]
	at java.base/java.io.InputStreamReader.<init>(InputStreamReader.java:123) ~[?:?]
	at TRANSFORMER/playeranimator@2.0.3.1+1.21.4/dev.kosmx.playerAnim.core.data.gson.AnimationSerializing.deserializeAnimation(AnimationSerializing.java:40) ~[player-animation-lib-forge-2.0.3.1+1.21.4.jar%23228!/:?]
	at TRANSFORMER/generated_59b9ecb@1/io.github.kosmx.emotes.server.serializer.type.JsonEmoteWrapper.read(JsonEmoteWrapper.java:19) ~[16146400660810120917.jar%23230!/:?]
	at TRANSFORMER/generated_59b9ecb@1/io.github.kosmx.emotes.server.serializer.UniversalEmoteSerializer.readData(UniversalEmoteSerializer.java:62) ~[16146400660810120917.jar%23230!/:?]
	... 20 more
[08set2025 17:15:22.039] [modloading-worker-0/WARN] [Emotecraft/]: Failed to load built-in emote!
io.github.kosmx.emotes.server.serializer.type.EmoteSerializerException: Error has occurred while serializing an emote
	at TRANSFORMER/generated_59b9ecb@1/io.github.kosmx.emotes.server.serializer.UniversalEmoteSerializer.readData(UniversalEmoteSerializer.java:66) ~[16146400660810120917.jar%23230!/:?]
	at TRANSFORMER/generated_59b9ecb@1/io.github.kosmx.emotes.server.serializer.UniversalEmoteSerializer.serializeInternalJson(UniversalEmoteSerializer.java:134) ~[16146400660810120917.jar%23230!/:?]
	at TRANSFORMER/generated_59b9ecb@1/io.github.kosmx.emotes.server.serializer.UniversalEmoteSerializer.loadEmotes(UniversalEmoteSerializer.java:110) ~[16146400660810120917.jar%23230!/:?]
	at TRANSFORMER/generated_5cdafcd@1/io.github.kosmx.emotes.main.MainClientInit.loadEmotes(MainClientInit.java:28) ~[15275778357656065365.jar%23231!/:?]
	at TRANSFORMER/generated_5cdafcd@1/io.github.kosmx.emotes.main.MainClientInit.init(MainClientInit.java:22) ~[15275778357656065365.jar%23231!/:?]
	at TRANSFORMER/generated_5cdafcd@1/io.github.kosmx.emotes.main.MainLoader.main(MainLoader.java:31) ~[15275778357656065365.jar%23231!/:?]
	at TRANSFORMER/emotecraft@2.5.8-a.9d74dcf4/io.github.kosmx.emotes.neoforge.ForgeWrapper.<init>(ForgeWrapper.java:17) ~[%23226!/:?]
	at java.base/jdk.internal.reflect.DirectConstructorHandleAccessor.newInstance(DirectConstructorHandleAccessor.java:62) ~[?:?]
	at java.base/java.lang.reflect.Constructor.newInstanceWithCaller(Constructor.java:502) ~[?:?]
	at java.base/java.lang.reflect.Constructor.newInstance(Constructor.java:486) ~[?:?]
	at MC-BOOTSTRAP/fml_loader@6.0.11/net.neoforged.fml.javafmlmod.FMLModContainer.constructMod(FMLModContainer.java:115) ~[loader-6.0.11.jar%23124!/:6.0]
	at MC-BOOTSTRAP/fml_loader@6.0.11/net.neoforged.fml.ModLoader.lambda$constructMods$3(ModLoader.java:153) ~[loader-6.0.11.jar%23124!/:6.0]
	at MC-BOOTSTRAP/fml_loader@6.0.11/net.neoforged.fml.ModLoader.lambda$dispatchParallelTask$7(ModLoader.java:231) ~[loader-6.0.11.jar%23124!/:6.0]
	at java.base/java.util.concurrent.CompletableFuture.uniHandle(CompletableFuture.java:934) [?:?]
	at java.base/java.util.concurrent.CompletableFuture$UniHandle.tryFire(CompletableFuture.java:911) [?:?]
	at java.base/java.util.concurrent.CompletableFuture$Completion.exec(CompletableFuture.java:483) [?:?]
	at java.base/java.util.concurrent.ForkJoinTask.doExec(ForkJoinTask.java:507) [?:?]
	at java.base/java.util.concurrent.ForkJoinPool$WorkQueue.topLevelExec(ForkJoinPool.java:1491) [?:?]
	at java.base/java.util.concurrent.ForkJoinPool.scan(ForkJoinPool.java:2073) [?:?]
	at java.base/java.util.concurrent.ForkJoinPool.runWorker(ForkJoinPool.java:2035) [?:?]
	at java.base/java.util.concurrent.ForkJoinWorkerThread.run(ForkJoinWorkerThread.java:187) [?:?]
Caused by: java.lang.NullPointerException
	at java.base/java.io.Reader.<init>(Reader.java:168) ~[?:?]
	at java.base/java.io.InputStreamReader.<init>(InputStreamReader.java:123) ~[?:?]
	at TRANSFORMER/playeranimator@2.0.3.1+1.21.4/dev.kosmx.playerAnim.core.data.gson.AnimationSerializing.deserializeAnimation(AnimationSerializing.java:40) ~[player-animation-lib-forge-2.0.3.1+1.21.4.jar%23228!/:?]
	at TRANSFORMER/generated_59b9ecb@1/io.github.kosmx.emotes.server.serializer.type.JsonEmoteWrapper.read(JsonEmoteWrapper.java:19) ~[16146400660810120917.jar%23230!/:?]
	at TRANSFORMER/generated_59b9ecb@1/io.github.kosmx.emotes.server.serializer.UniversalEmoteSerializer.readData(UniversalEmoteSerializer.java:62) ~[16146400660810120917.jar%23230!/:?]
	... 20 more
[08set2025 17:15:22.041] [modloading-worker-0/WARN] [Emotecraft/]: Failed to load built-in emote!
io.github.kosmx.emotes.server.serializer.type.EmoteSerializerException: Error has occurred while serializing an emote
	at TRANSFORMER/generated_59b9ecb@1/io.github.kosmx.emotes.server.serializer.UniversalEmoteSerializer.readData(UniversalEmoteSerializer.java:66) ~[16146400660810120917.jar%23230!/:?]
	at TRANSFORMER/generated_59b9ecb@1/io.github.kosmx.emotes.server.serializer.UniversalEmoteSerializer.serializeInternalJson(UniversalEmoteSerializer.java:134) ~[16146400660810120917.jar%23230!/:?]
	at TRANSFORMER/generated_59b9ecb@1/io.github.kosmx.emotes.server.serializer.UniversalEmoteSerializer.loadEmotes(UniversalEmoteSerializer.java:111) ~[16146400660810120917.jar%23230!/:?]
	at TRANSFORMER/generated_5cdafcd@1/io.github.kosmx.emotes.main.MainClientInit.loadEmotes(MainClientInit.java:28) ~[15275778357656065365.jar%23231!/:?]
	at TRANSFORMER/generated_5cdafcd@1/io.github.kosmx.emotes.main.MainClientInit.init(MainClientInit.java:22) ~[15275778357656065365.jar%23231!/:?]
	at TRANSFORMER/generated_5cdafcd@1/io.github.kosmx.emotes.main.MainLoader.main(MainLoader.java:31) ~[15275778357656065365.jar%23231!/:?]
	at TRANSFORMER/emotecraft@2.5.8-a.9d74dcf4/io.github.kosmx.emotes.neoforge.ForgeWrapper.<init>(ForgeWrapper.java:17) ~[%23226!/:?]
	at java.base/jdk.internal.reflect.DirectConstructorHandleAccessor.newInstance(DirectConstructorHandleAccessor.java:62) ~[?:?]
	at java.base/java.lang.reflect.Constructor.newInstanceWithCaller(Constructor.java:502) ~[?:?]
	at java.base/java.lang.reflect.Constructor.newInstance(Constructor.java:486) ~[?:?]
	at MC-BOOTSTRAP/fml_loader@6.0.11/net.neoforged.fml.javafmlmod.FMLModContainer.constructMod(FMLModContainer.java:115) ~[loader-6.0.11.jar%23124!/:6.0]
	at MC-BOOTSTRAP/fml_loader@6.0.11/net.neoforged.fml.ModLoader.lambda$constructMods$3(ModLoader.java:153) ~[loader-6.0.11.jar%23124!/:6.0]
	at MC-BOOTSTRAP/fml_loader@6.0.11/net.neoforged.fml.ModLoader.lambda$dispatchParallelTask$7(ModLoader.java:231) ~[loader-6.0.11.jar%23124!/:6.0]
	at java.base/java.util.concurrent.CompletableFuture.uniHandle(CompletableFuture.java:934) [?:?]
	at java.base/java.util.concurrent.CompletableFuture$UniHandle.tryFire(CompletableFuture.java:911) [?:?]
	at java.base/java.util.concurrent.CompletableFuture$Completion.exec(CompletableFuture.java:483) [?:?]
	at java.base/java.util.concurrent.ForkJoinTask.doExec(ForkJoinTask.java:507) [?:?]
	at java.base/java.util.concurrent.ForkJoinPool$WorkQueue.topLevelExec(ForkJoinPool.java:1491) [?:?]
	at java.base/java.util.concurrent.ForkJoinPool.scan(ForkJoinPool.java:2073) [?:?]
	at java.base/java.util.concurrent.ForkJoinPool.runWorker(ForkJoinPool.java:2035) [?:?]
	at java.base/java.util.concurrent.ForkJoinWorkerThread.run(ForkJoinWorkerThread.java:187) [?:?]
Caused by: java.lang.NullPointerException
	at java.base/java.io.Reader.<init>(Reader.java:168) ~[?:?]
	at java.base/java.io.InputStreamReader.<init>(InputStreamReader.java:123) ~[?:?]
	at TRANSFORMER/playeranimator@2.0.3.1+1.21.4/dev.kosmx.playerAnim.core.data.gson.AnimationSerializing.deserializeAnimation(AnimationSerializing.java:40) ~[player-animation-lib-forge-2.0.3.1+1.21.4.jar%23228!/:?]
	at TRANSFORMER/generated_59b9ecb@1/io.github.kosmx.emotes.server.serializer.type.JsonEmoteWrapper.read(JsonEmoteWrapper.java:19) ~[16146400660810120917.jar%23230!/:?]
	at TRANSFORMER/generated_59b9ecb@1/io.github.kosmx.emotes.server.serializer.UniversalEmoteSerializer.readData(UniversalEmoteSerializer.java:62) ~[16146400660810120917.jar%23230!/:?]
	... 20 more
[08set2025 17:15:24.334] [Render thread/INFO] [net.neoforged.neoforge.gametest.GameTestHooks/]: Enabled Gametest Namespaces: []
[08set2025 17:15:24.569] [Render thread/INFO] [net.minecraft.server.packs.resources.ReloadableResourceManager/]: Reloading ResourceManager: vanilla, mod_resources, mod/generated_256134a, mod/generated_d32e4b2, mod/generated_59b9ecb, mod/generated_f5ecb85, mod/generated_5cdafcd, mod/playeranimator, mod/emotecraft, mod/neoforge
[08set2025 17:15:24.712] [resourceLoad/INFO] [net.minecraft.client.gui.font.providers.UnihexProvider/]: Found unifont_all_no_pua-16.0.01.hex, loading
[08set2025 17:15:24.712] [resourceLoad/INFO] [net.minecraft.client.gui.font.providers.UnihexProvider/]: Found unifont_jp_patch-16.0.01.hex, loading
[08set2025 17:15:24.957] [NeoForge Version Check/INFO] [net.neoforged.fml.VersionChecker/]: [emotecraft] Starting version check at https://api.modrinth.com/updates/emotecraft/forge_updates.json?neoforge=include
[08set2025 17:15:26.294] [NeoForge Version Check/INFO] [net.neoforged.fml.VersionChecker/]: [emotecraft] Found status: AHEAD Current: 2.5.8-a.9d74dcf4 Target: null
[08set2025 17:15:31.051] [Render thread/ERROR] [net.minecraft.client.sounds.SoundEngine/SOUNDS]: Error starting SoundSystem. Turning off sounds & music
java.lang.IllegalStateException: Failed to open OpenAL device
	at TRANSFORMER/minecraft@1.21.4/com.mojang.blaze3d.audio.Library.openDeviceOrFallback(Library.java:302) ~[neoforge-21.4.124-minecraft-merged-427e09e766-1.21.4-loom.mappings.1_21_4.layered+hash.814158091-v2-neoforge-21.4.124.jar%23224!/:?]
	at TRANSFORMER/minecraft@1.21.4/com.mojang.blaze3d.audio.Library.init(Library.java:154) ~[neoforge-21.4.124-minecraft-merged-427e09e766-1.21.4-loom.mappings.1_21_4.layered+hash.814158091-v2-neoforge-21.4.124.jar%23224!/:?]
	at TRANSFORMER/minecraft@1.21.4/net.minecraft.client.sounds.SoundEngine.loadLibrary(SoundEngine.java:107) ~[neoforge-21.4.124-minecraft-merged-427e09e766-1.21.4-loom.mappings.1_21_4.layered+hash.814158091-v2-neoforge-21.4.124.jar%23224!/:?]
	at TRANSFORMER/minecraft@1.21.4/net.minecraft.client.sounds.SoundEngine.reload(SoundEngine.java:99) ~[neoforge-21.4.124-minecraft-merged-427e09e766-1.21.4-loom.mappings.1_21_4.layered+hash.814158091-v2-neoforge-21.4.124.jar%23224!/:?]
	at TRANSFORMER/minecraft@1.21.4/net.minecraft.client.sounds.SoundManager.apply(SoundManager.java:125) ~[neoforge-21.4.124-minecraft-merged-427e09e766-1.21.4-loom.mappings.1_21_4.layered+hash.814158091-v2-neoforge-21.4.124.jar%23224!/:?]
	at TRANSFORMER/minecraft@1.21.4/net.minecraft.client.sounds.SoundManager.apply(SoundManager.java:43) ~[neoforge-21.4.124-minecraft-merged-427e09e766-1.21.4-loom.mappings.1_21_4.layered+hash.814158091-v2-neoforge-21.4.124.jar%23224!/:?]
	at TRANSFORMER/minecraft@1.21.4/net.minecraft.server.packs.resources.SimplePreparableReloadListener.method_18790(SimplePreparableReloadListener.java:15) ~[neoforge-21.4.124-minecraft-merged-427e09e766-1.21.4-loom.mappings.1_21_4.layered+hash.814158091-v2-neoforge-21.4.124.jar%23224!/:?]
	at java.base/java.util.concurrent.CompletableFuture$UniAccept.tryFire(CompletableFuture.java:718) ~[?:?]
	at java.base/java.util.concurrent.CompletableFuture$Completion.run(CompletableFuture.java:482) ~[?:?]
	at TRANSFORMER/minecraft@1.21.4/net.minecraft.server.packs.resources.SimpleReloadInstance.method_18365(SimpleReloadInstance.java:68) ~[neoforge-21.4.124-minecraft-merged-427e09e766-1.21.4-loom.mappings.1_21_4.layered+hash.814158091-v2-neoforge-21.4.124.jar%23224!/:?]
	at TRANSFORMER/minecraft@1.21.4/net.minecraft.util.thread.BlockableEventLoop.doRunTask(BlockableEventLoop.java:152) ~[neoforge-21.4.124-minecraft-merged-427e09e766-1.21.4-loom.mappings.1_21_4.layered+hash.814158091-v2-neoforge-21.4.124.jar%23224!/:?]
	at TRANSFORMER/minecraft@1.21.4/net.minecraft.util.thread.ReentrantBlockableEventLoop.doRunTask(ReentrantBlockableEventLoop.java:23) ~[neoforge-21.4.124-minecraft-merged-427e09e766-1.21.4-loom.mappings.1_21_4.layered+hash.814158091-v2-neoforge-21.4.124.jar%23224!/:?]
	at TRANSFORMER/minecraft@1.21.4/net.minecraft.util.thread.BlockableEventLoop.pollTask(BlockableEventLoop.java:126) ~[neoforge-21.4.124-minecraft-merged-427e09e766-1.21.4-loom.mappings.1_21_4.layered+hash.814158091-v2-neoforge-21.4.124.jar%23224!/:?]
	at TRANSFORMER/minecraft@1.21.4/net.minecraft.util.thread.BlockableEventLoop.runAllTasks(BlockableEventLoop.java:115) ~[neoforge-21.4.124-minecraft-merged-427e09e766-1.21.4-loom.mappings.1_21_4.layered+hash.814158091-v2-neoforge-21.4.124.jar%23224!/:?]
	at TRANSFORMER/minecraft@1.21.4/net.minecraft.client.Minecraft.runTick(Minecraft.java:1211) ~[neoforge-21.4.124-minecraft-merged-427e09e766-1.21.4-loom.mappings.1_21_4.layered+hash.814158091-v2-neoforge-21.4.124.jar%23224!/:?]
	at TRANSFORMER/minecraft@1.21.4/net.minecraft.client.Minecraft.run(Minecraft.java:849) ~[neoforge-21.4.124-minecraft-merged-427e09e766-1.21.4-loom.mappings.1_21_4.layered+hash.814158091-v2-neoforge-21.4.124.jar%23224!/:?]
	at TRANSFORMER/minecraft@1.21.4/net.minecraft.client.main.Main.main(Main.java:241) ~[neoforge-21.4.124-minecraft-merged-427e09e766-1.21.4-loom.mappings.1_21_4.layered+hash.814158091-v2-neoforge-21.4.124.jar%23224!/:?]
	at java.base/jdk.internal.reflect.DirectMethodHandleAccessor.invoke(DirectMethodHandleAccessor.java:103) ~[?:?]
	at java.base/java.lang.reflect.Method.invoke(Method.java:580) ~[?:?]
	at MC-BOOTSTRAP/fml_loader@6.0.11/net.neoforged.fml.loading.targets.CommonLaunchHandler.runTarget(CommonLaunchHandler.java:128) ~[loader-6.0.11.jar%23124!/:6.0]
	at MC-BOOTSTRAP/fml_loader@6.0.11/net.neoforged.fml.loading.targets.CommonLaunchHandler.clientService(CommonLaunchHandler.java:120) ~[loader-6.0.11.jar%23124!/:6.0]
	at MC-BOOTSTRAP/fml_loader@6.0.11/net.neoforged.fml.loading.targets.NeoForgeClientDevLaunchHandler.runService(NeoForgeClientDevLaunchHandler.java:49) ~[loader-6.0.11.jar%23124!/:6.0]
	at MC-BOOTSTRAP/fml_loader@6.0.11/net.neoforged.fml.loading.targets.CommonLaunchHandler.lambda$launchService$4(CommonLaunchHandler.java:114) ~[loader-6.0.11.jar%23124!/:6.0]
	at MC-BOOTSTRAP/cpw.mods.modlauncher@11.0.4/cpw.mods.modlauncher.LaunchServiceHandlerDecorator.launch(LaunchServiceHandlerDecorator.java:30) [modlauncher-11.0.4.jar%23129!/:?]
	at MC-BOOTSTRAP/cpw.mods.modlauncher@11.0.4/cpw.mods.modlauncher.LaunchServiceHandler.launch(LaunchServiceHandler.java:53) [modlauncher-11.0.4.jar%23129!/:?]
	at MC-BOOTSTRAP/cpw.mods.modlauncher@11.0.4/cpw.mods.modlauncher.LaunchServiceHandler.launch(LaunchServiceHandler.java:71) [modlauncher-11.0.4.jar%23129!/:?]
	at MC-BOOTSTRAP/cpw.mods.modlauncher@11.0.4/cpw.mods.modlauncher.Launcher.run(Launcher.java:103) [modlauncher-11.0.4.jar%23129!/:?]
	at MC-BOOTSTRAP/cpw.mods.modlauncher@11.0.4/cpw.mods.modlauncher.Launcher.main(Launcher.java:74) [modlauncher-11.0.4.jar%23129!/:?]
	at MC-BOOTSTRAP/cpw.mods.modlauncher@11.0.4/cpw.mods.modlauncher.BootstrapLaunchConsumer.accept(BootstrapLaunchConsumer.java:26) [modlauncher-11.0.4.jar%23129!/:?]
	at MC-BOOTSTRAP/cpw.mods.modlauncher@11.0.4/cpw.mods.modlauncher.BootstrapLaunchConsumer.accept(BootstrapLaunchConsumer.java:23) [modlauncher-11.0.4.jar%23129!/:?]
	at cpw.mods.bootstraplauncher.BootstrapLauncher.run(BootstrapLauncher.java:210) [bootstraplauncher-2.0.2.jar:?]
	at cpw.mods.bootstraplauncher.BootstrapLauncher.main(BootstrapLauncher.java:69) [bootstraplauncher-2.0.2.jar:?]
	at net.fabricmc.devlaunchinjector.Main.main(Main.java:86) [dev-launch-injector-0.2.1+build.8.jar:?]
	at dev.architectury.transformer.TransformerRuntime.main(TransformerRuntime.java:220) [architectury-transformer-5.2.87-runtime.jar:5.2.87]
[08set2025 17:15:31.242] [Render thread/INFO] [net.minecraft.client.renderer.texture.TextureAtlas/]: Created: 1024x512x4 minecraft:textures/atlas/blocks.png-atlas
[08set2025 17:15:34.154] [Render thread/INFO] [net.minecraft.client.renderer.texture.TextureAtlas/]: Created: 256x256x4 minecraft:textures/atlas/signs.png-atlas
[08set2025 17:15:34.254] [Render thread/INFO] [net.minecraft.client.renderer.texture.TextureAtlas/]: Created: 512x512x4 minecraft:textures/atlas/shield_patterns.png-atlas
[08set2025 17:15:34.563] [Render thread/INFO] [net.minecraft.client.renderer.texture.TextureAtlas/]: Created: 512x512x4 minecraft:textures/atlas/banner_patterns.png-atlas
[08set2025 17:15:34.850] [Render thread/INFO] [net.minecraft.client.renderer.texture.TextureAtlas/]: Created: 2048x1024x4 minecraft:textures/atlas/armor_trims.png-atlas
[08set2025 17:15:37.539] [Render thread/INFO] [net.minecraft.client.renderer.texture.TextureAtlas/]: Created: 128x64x4 minecraft:textures/atlas/decorated_pot.png-atlas
[08set2025 17:15:37.543] [Render thread/INFO] [net.minecraft.client.renderer.texture.TextureAtlas/]: Created: 256x256x4 minecraft:textures/atlas/chest.png-atlas
[08set2025 17:15:37.546] [Render thread/INFO] [net.minecraft.client.renderer.texture.TextureAtlas/]: Created: 512x256x4 minecraft:textures/atlas/shulker_boxes.png-atlas
[08set2025 17:15:37.549] [Render thread/INFO] [net.minecraft.client.renderer.texture.TextureAtlas/]: Created: 512x256x4 minecraft:textures/atlas/beds.png-atlas
[08set2025 17:15:37.556] [Render thread/INFO] [net.minecraft.client.renderer.texture.TextureAtlas/]: Created: 64x64x0 minecraft:textures/atlas/map_decorations.png-atlas
[08set2025 17:15:37.793] [Render thread/INFO] [net.minecraft.client.renderer.texture.TextureAtlas/]: Created: 512x256x0 minecraft:textures/atlas/particles.png-atlas
[08set2025 17:15:37.806] [Render thread/INFO] [net.minecraft.client.renderer.texture.TextureAtlas/]: Created: 512x256x0 minecraft:textures/atlas/paintings.png-atlas
[08set2025 17:15:37.810] [Render thread/INFO] [net.minecraft.client.renderer.texture.TextureAtlas/]: Created: 256x128x0 minecraft:textures/atlas/mob_effects.png-atlas
[08set2025 17:15:37.815] [Render thread/INFO] [net.minecraft.client.renderer.texture.TextureAtlas/]: Created: 1024x512x0 minecraft:textures/atlas/gui.png-atlas
[08set2025 17:15:37.865] [Render thread/INFO] [net.neoforged.neoforge.client.entity.animation.json.AnimationLoader/]: Loaded 0 entity animations
[08set2025 17:15:41.784] [Render thread/INFO] [net.minecraft.client.gui.screens.ConnectScreen/]: Connecting to 130.61.148.14, 25565
[08set2025 17:15:42.580] [Render thread/WARN] [net.neoforged.fml.config.ConfigTracker/]: Overwriting non-null config LoadedConfig[config=SynchronizedConfig{DataHolder:{removeErroringBlockEntities=false, removeErroringEntities=false, fullBoundingBoxLadders=false, permissionHandler=neoforge:default_handler, advertiseDedicatedServerToLan=true}}, path=null, modConfig=net.neoforged.fml.config.ModConfig@49f4ea18] at path neoforge-server.toml with default server config
[08set2025 17:15:42.581] [Netty Client IO #0/WARN] [net.neoforged.fml.config.ConfigTracker/]: Overwriting non-null config LoadedConfig[config=SynchronizedConfig{DataHolder:{removeErroringBlockEntities=false, removeErroringEntities=false, fullBoundingBoxLadders=false, permissionHandler=neoforge:default_handler, advertiseDedicatedServerToLan=true}}, path=null, modConfig=net.neoforged.fml.config.ModConfig@49f4ea18] at path neoforge-server.toml with default server config
[08set2025 17:15:43.525] [Render thread/WARN] [Emotecraft/]: The server failed to configure the client, attempting to configure...
[08set2025 17:15:43.771] [Render thread/INFO] [net.minecraft.client.gui.components.ChatComponent/]: [System] [CHAT] Dev joined the game
[08set2025 17:15:43.808] [Render thread/INFO] [net.minecraft.advancements.AdvancementTree/]: Loaded 38 advancements
[08set2025 17:15:43.885] [Render thread/INFO] [Emotecraft/]: Legacy versions was received: {0=4, 1=1, 17=2, 18=18, 3=1, 8=8, 10=1, -128=1}
[08set2025 17:15:53.413] [Render thread/INFO] [net.minecraft.advancements.AdvancementTree/]: Loaded 38 advancements
[08set2025 17:15:58.789] [Render thread/INFO] [net.minecraft.client.gui.components.ChatComponent/]: [System] [CHAT] Not emote with name: e
[08set2025 17:16:09.415] [Render thread/INFO] [net.minecraft.client.Minecraft/]: Stopping!
